Γ£à DB Connected
Caller: 4ebb0dd7-23d9-4663-b5cd-938b44980cc2 (+91+916303132973)
Callee: c2234239-f12f-4e53-8376-c0660116aa82 (+919876543210)
Γ£à Set listener available & caller balance=100
Caller OTP send: 201
Γ£à Caller authenticated
Callee OTP send: 201
Γ£à Callee authenticated

--- SOCKET CONNECTION ---
Γ£à Caller socket connected
Γ£à Callee socket connected

--- CALL FLOW ---
Caller emitting call:initiate...
Γ£à Callee received call:incoming!
   callId: 955d45fd-1bd6-483a-a9df-c2933c28cb92
   callerId: 4ebb0dd7-23d9-4663-b5cd-938b44980cc2
   type: voice
   offer present: true
Γ£à Caller received ACK from call:initiate: {"callId":"955d45fd-1bd6-483a-a9df-c2933c28cb92"}
Callee emitting call:accept...
Γ£à Caller received call:accepted!
   callId: 955d45fd-1bd6-483a-a9df-c2933c28cb92
   answer present: true
≡ƒÆ░ Caller wallet update: 100
Testing ICE signal relay...
Γ£à Callee received call:signal from caller

--- CALL DB STATE ---
  id: 955d45fd-1bd6-483a-a9df-c2933c28cb92
  status: active
  ratePerMin: 1.00
  connectedAt: Tue Mar 24 2026 22:13:20 GMT+0530 (India Standard Time)

Waiting 6 seconds for billing ticks...
≡ƒÆ░ Caller wallet update: 99.91666666666667
Caller ending call...
≡ƒô₧ Callee received call:ended

--- FINAL CALL STATE ---
  status: ended
  durationSecs: 9
  totalBilled: Γé╣0.15
  endReason: user_hangup
  Caller wallet: Γé╣99.85

Γ£à E2E Call Flow Test Complete!
